[0;32m[2025-08-30 10:28:25][0m Starting Storage Service Benchmark Suite
[0;32m[2025-08-30 10:28:25][0m Checking storage service availability...
[0;32m[2025-08-30 10:28:25][0m Storage service is running ✓
[0;32m[2025-08-30 10:28:25][0m Checking Python dependencies...
[0;32m[2025-08-30 10:28:31][0m All Python dependencies installed ✓
[0;32m[2025-08-30 10:28:31][0m Checking for existing objects...
[0;32m[2025-08-30 10:28:31][0m Found 20 objects in storage ✓
[0;32m[2025-08-30 10:28:47][0m Clearing cache...
[0;32m[2025-08-30 10:28:47][0m Cache cleared ✓
[0;32m[2025-08-30 10:28:47][0m Running quick benchmark (50 requests)...
[0;32m[2025-08-30 10:29:50][0m Starting Storage Service Benchmark Suite
[0;32m[2025-08-30 10:29:50][0m Checking storage service availability...
[0;32m[2025-08-30 10:29:50][0m Storage service is running ✓
[0;32m[2025-08-30 10:29:50][0m Checking Python dependencies...
[0;32m[2025-08-30 10:29:52][0m All Python dependencies installed ✓
[0;32m[2025-08-30 10:29:52][0m Checking for existing objects...
[0;32m[2025-08-30 10:29:52][0m Found 20 objects in storage ✓
[0;32m[2025-08-30 10:29:54][0m Clearing cache...
[0;32m[2025-08-30 10:29:54][0m Cache cleared ✓
[0;32m[2025-08-30 10:29:54][0m Running quick benchmark (50 requests)...
[0;32m[2025-08-30 10:35:31][0m Clearing cache...
[0;32m[2025-08-30 10:35:31][0m Cache cleared ✓
[0;32m[2025-08-30 10:35:31][0m Running full scientific benchmark (100 requests)...
[0;32m[2025-08-30 10:35:57][0m Starting Storage Service Benchmark Suite
[0;32m[2025-08-30 10:35:57][0m Checking storage service availability...
[0;32m[2025-08-30 10:35:57][0m Storage service is running ✓
[0;32m[2025-08-30 10:35:57][0m Checking Python dependencies...
[0;32m[2025-08-30 10:35:59][0m All Python dependencies installed ✓
[0;32m[2025-08-30 10:35:59][0m Checking for existing objects...
[0;32m[2025-08-30 10:35:59][0m Found 20 objects in storage ✓
[0;32m[2025-08-30 10:36:43][0m Clearing cache...
[0;32m[2025-08-30 10:36:43][0m Cache cleared ✓
[0;32m[2025-08-30 10:36:43][0m Running full scientific benchmark (100 requests)...
[0;32m[2025-08-30 10:47:15][0m Generating summary report...
[0;32m[2025-08-30 11:05:37][0m Clearing cache...
[0;32m[2025-08-30 11:05:37][0m Cache cleared ✓
[0;32m[2025-08-30 11:05:37][0m Running full scientific benchmark (100 requests)...
[0;32m[2025-08-30 11:11:35][0m Starting Storage Service Benchmark Suite
[0;32m[2025-08-30 11:11:35][0m Checking storage service availability...
[0;32m[2025-08-30 11:11:35][0m Storage service is running ✓
[0;32m[2025-08-30 11:11:35][0m Checking Python dependencies...
[0;32m[2025-08-30 11:11:37][0m All Python dependencies installed ✓
[0;32m[2025-08-30 11:11:37][0m Checking for existing objects...
[0;32m[2025-08-30 11:11:37][0m Found 20 objects in storage ✓
[0;32m[2025-08-30 11:11:39][0m Clearing cache...
[0;32m[2025-08-30 11:11:39][0m Cache cleared ✓
[0;32m[2025-08-30 11:11:39][0m Running full scientific benchmark (100 requests)...
[0;32m[2025-08-30 11:21:00][0m Starting Storage Service Benchmark Suite
[0;32m[2025-08-30 11:21:00][0m Checking storage service availability...
[0;32m[2025-08-30 11:21:01][0m Storage service is running ✓
[0;32m[2025-08-30 11:21:01][0m Checking Python dependencies...
[0;32m[2025-08-30 11:21:02][0m All Python dependencies installed ✓
[0;32m[2025-08-30 11:21:02][0m Checking for existing objects...
[0;32m[2025-08-30 11:21:02][0m Found 20 objects in storage ✓
[0;32m[2025-08-30 11:21:06][0m Clearing cache...
[0;32m[2025-08-30 11:21:06][0m Cache cleared ✓
[0;32m[2025-08-30 11:21:06][0m Running full scientific benchmark (100 requests)...
[0;32m[2025-08-30 12:10:53][0m Starting Storage Service Benchmark Suite
[0;32m[2025-08-30 12:10:53][0m Checking storage service availability...
[0;32m[2025-08-30 12:10:53][0m Storage service is running ✓
[0;32m[2025-08-30 12:10:53][0m Checking Python dependencies...
[0;32m[2025-08-30 12:10:55][0m All Python dependencies installed ✓
[0;32m[2025-08-30 12:10:55][0m Checking for existing objects...
[0;32m[2025-08-30 12:10:55][0m Found 20 objects in storage ✓
[0;32m[2025-08-30 12:10:58][0m Clearing cache...
[0;32m[2025-08-30 12:10:58][0m Cache cleared ✓
[0;32m[2025-08-30 12:10:58][0m Running full scientific benchmark (100 requests)...
[0;32m[2025-08-30 12:20:47][0m Generating summary report...
[0;32m[2025-08-30 16:16:34][0m Clearing cache...
[0;32m[2025-08-30 16:16:34][0m Cache cleared ✓
[0;32m[2025-08-30 16:16:34][0m Running full scientific benchmark (100 requests)...
[0;32m[2025-08-30 16:27:14][0m Generating summary report...
[0;32m[2025-08-30 16:33:09][0m Clearing cache...
